......                                                                   [100%]
6 passed in 28.31s
